Archive member included to satisfy reference by file (symbol)

D:\Ivan\Projects\RLC-meter\rlcmeter_620b12_src\StdPeriph_stm32F1xx\Release\libStdPeriph_stm32F1xx.a(stm32f10x_gpio.o)
                              ./SPI_communication.o (symbol from plugin) (GPIO_Init)
D:\Ivan\Projects\RLC-meter\rlcmeter_620b12_src\StdPeriph_stm32F1xx\Release\libStdPeriph_stm32F1xx.a(stm32f10x_rcc.o)
                              ./SPI_communication.o (symbol from plugin) (RCC_APB2PeriphClockCmd)
D:\Ivan\Projects\RLC-meter\rlcmeter_620b12_src\StdPeriph_stm32F1xx\Release\libStdPeriph_stm32F1xx.a(stm32f10x_spi.o)
                              ./SPI_communication.o (symbol from plugin) (SPI_Init)
c:/program files (x86)/gnu tools arm embedded/5.4 2016q3/bin/../lib/gcc/arm-none-eabi/5.4.1/../../../../arm-none-eabi/lib/armv7-m\libc_nano.a(lib_a-itoa.o)
                              ./main.o (symbol from plugin) (itoa)
c:/program files (x86)/gnu tools arm embedded/5.4 2016q3/bin/../lib/gcc/arm-none-eabi/5.4.1/../../../../arm-none-eabi/lib/armv7-m\libc_nano.a(lib_a-malloc.o)
                              ./main.o (symbol from plugin) (malloc)
c:/program files (x86)/gnu tools arm embedded/5.4 2016q3/bin/../lib/gcc/arm-none-eabi/5.4.1/../../../../arm-none-eabi/lib/armv7-m\libc_nano.a(lib_a-nano-freer.o)
                              c:/program files (x86)/gnu tools arm embedded/5.4 2016q3/bin/../lib/gcc/arm-none-eabi/5.4.1/../../../../arm-none-eabi/lib/armv7-m\libc_nano.a(lib_a-malloc.o) (_free_r)
c:/program files (x86)/gnu tools arm embedded/5.4 2016q3/bin/../lib/gcc/arm-none-eabi/5.4.1/../../../../arm-none-eabi/lib/armv7-m\libc_nano.a(lib_a-nano-mallocr.o)
                              c:/program files (x86)/gnu tools arm embedded/5.4 2016q3/bin/../lib/gcc/arm-none-eabi/5.4.1/../../../../arm-none-eabi/lib/armv7-m\libc_nano.a(lib_a-malloc.o) (_malloc_r)
c:/program files (x86)/gnu tools arm embedded/5.4 2016q3/bin/../lib/gcc/arm-none-eabi/5.4.1/../../../../arm-none-eabi/lib/armv7-m\libc_nano.a(lib_a-sbrkr.o)
                              c:/program files (x86)/gnu tools arm embedded/5.4 2016q3/bin/../lib/gcc/arm-none-eabi/5.4.1/../../../../arm-none-eabi/lib/armv7-m\libc_nano.a(lib_a-nano-mallocr.o) (_sbrk_r)
c:/program files (x86)/gnu tools arm embedded/5.4 2016q3/bin/../lib/gcc/arm-none-eabi/5.4.1/../../../../arm-none-eabi/lib/armv7-m\libc_nano.a(lib_a-strcpy.o)
                              ./main.o (symbol from plugin) (strcpy)
c:/program files (x86)/gnu tools arm embedded/5.4 2016q3/bin/../lib/gcc/arm-none-eabi/5.4.1/../../../../arm-none-eabi/lib/armv7-m\libc_nano.a(lib_a-strlen.o)
                              ./main.o (symbol from plugin) (strlen)
c:/program files (x86)/gnu tools arm embedded/5.4 2016q3/bin/../lib/gcc/arm-none-eabi/5.4.1/../../../../arm-none-eabi/lib/armv7-m\libc_nano.a(lib_a-utoa.o)
                              c:/program files (x86)/gnu tools arm embedded/5.4 2016q3/bin/../lib/gcc/arm-none-eabi/5.4.1/../../../../arm-none-eabi/lib/armv7-m\libc_nano.a(lib_a-itoa.o) (__utoa)
c:/program files (x86)/gnu tools arm embedded/5.4 2016q3/bin/../lib/gcc/arm-none-eabi/5.4.1/../../../../arm-none-eabi/lib/armv7-m\libc_nano.a(lib_a-impure.o)
                              c:/program files (x86)/gnu tools arm embedded/5.4 2016q3/bin/../lib/gcc/arm-none-eabi/5.4.1/../../../../arm-none-eabi/lib/armv7-m\libc_nano.a(lib_a-malloc.o) (_impure_ptr)
c:/program files (x86)/gnu tools arm embedded/5.4 2016q3/bin/../lib/gcc/arm-none-eabi/5.4.1/../../../../arm-none-eabi/lib/armv7-m\libc_nano.a(lib_a-mlock.o)
                              c:/program files (x86)/gnu tools arm embedded/5.4 2016q3/bin/../lib/gcc/arm-none-eabi/5.4.1/../../../../arm-none-eabi/lib/armv7-m\libc_nano.a(lib_a-nano-freer.o) (__malloc_lock)
c:/program files (x86)/gnu tools arm embedded/5.4 2016q3/bin/../lib/gcc/arm-none-eabi/5.4.1/../../../../arm-none-eabi/lib/armv7-m\libc_nano.a(lib_a-reent.o)
                              c:/program files (x86)/gnu tools arm embedded/5.4 2016q3/bin/../lib/gcc/arm-none-eabi/5.4.1/../../../../arm-none-eabi/lib/armv7-m\libc_nano.a(lib_a-sbrkr.o) (errno)
c:/program files (x86)/gnu tools arm embedded/5.4 2016q3/bin/../lib/gcc/arm-none-eabi/5.4.1/../../../../arm-none-eabi/lib/armv7-m\libnosys.a(sbrk.o)
                              c:/program files (x86)/gnu tools arm embedded/5.4 2016q3/bin/../lib/gcc/arm-none-eabi/5.4.1/../../../../arm-none-eabi/lib/armv7-m\libc_nano.a(lib_a-sbrkr.o) (_sbrk)
c:/program files (x86)/gnu tools arm embedded/5.4 2016q3/bin/../lib/gcc/arm-none-eabi/5.4.1/../../../../arm-none-eabi/lib/armv7-m\libm.a(lib_a-wf_atan2.o)
                              ./main.o (symbol from plugin) (atan2f)
c:/program files (x86)/gnu tools arm embedded/5.4 2016q3/bin/../lib/gcc/arm-none-eabi/5.4.1/../../../../arm-none-eabi/lib/armv7-m\libm.a(lib_a-ef_atan2.o)
[...]
Memory Configuration

Name             Origin             Length             Attributes
FLASH            0x08000000         0x00020000         xr
RAM              0x20000000         0x00002000         xrw
MEMORY_B1        0x60000000         0x00000000         xr
*default*        0x00000000         0xffffffff

Linker script and memory map

LOAD c:/program files (x86)/gnu tools arm embedded/5.4 2016q3/bin/../lib/gcc/arm-none-eabi/5.4.1/../../../../arm-none-eabi/lib/armv7-m\libc_nano.a
LOAD c:/program files (x86)/gnu tools arm embedded/5.4 2016q3/bin/../lib/gcc/arm-none-eabi/5.4.1/../../../../arm-none-eabi/lib/armv7-m\libnosys.a
LOAD ./SPI_communication.o
LOAD C:\Users\Ivan\AppData\Local\Temp\cczVQFSX.ltrans0.ltrans.o
LOAD C:\Users\Ivan\AppData\Local\Temp\cczVQFSX.ltrans1.ltrans.o
LOAD C:\Users\Ivan\AppData\Local\Temp\cczVQFSX.ltrans2.ltrans.o
LOAD ./arithmetic.o
LOAD ./eeprom.o
LOAD ./flash.o
LOAD ./main.o
LOAD ./measurements.o
LOAD ./n1110.o
LOAD ./new.o
LOAD ./startup_stm32f10x_ld_vl.o
LOAD ./system_stm32f10x.o
LOAD ./uart.o
LOAD D:\Ivan\Projects\RLC-meter\rlcmeter_620b12_src\StdPeriph_stm32F1xx\Release\libStdPeriph_stm32F1xx.a
START GROUP
LOAD c:/program files (x86)/gnu tools arm embedded/5.4 2016q3/bin/../lib/gcc/arm-none-eabi/5.4.1/armv7-m\libgcc.a
LOAD c:/program files (x86)/gnu tools arm embedded/5.4 2016q3/bin/../lib/gcc/arm-none-eabi/5.4.1/../../../../arm-none-eabi/lib/armv7-m\libc_nano.a
END GROUP
START GROUP
LOAD c:/program files (x86)/gnu tools arm embedded/5.4 2016q3/bin/../lib/gcc/arm-none-eabi/5.4.1/armv7-m\libgcc.a
LOAD c:/program files (x86)/gnu tools arm embedded/5.4 2016q3/bin/../lib/gcc/arm-none-eabi/5.4.1/../../../../arm-none-eabi/lib/armv7-m\libc_nano.a
LOAD c:/program files (x86)/gnu tools arm embedded/5.4 2016q3/bin/../lib/gcc/arm-none-eabi/5.4.1/../../../../arm-none-eabi/lib/armv7-m\libnosys.a
END GROUP
START GROUP
LOAD c:/program files (x86)/gnu tools arm embedded/5.4 2016q3/bin/../lib/gcc/arm-none-eabi/5.4.1/armv7-m\libgcc.a
LOAD c:/program files (x86)/gnu tools arm embedded/5.4 2016q3/bin/../lib/gcc/arm-none-eabi/5.4.1/../../../../arm-none-eabi/lib/armv7-m\libc_nano.a
LOAD c:/program files (x86)/gnu tools arm embedded/5.4 2016q3/bin/../lib/gcc/arm-none-eabi/5.4.1/../../../../arm-none-eabi/lib/armv7-m\libnosys.a
END GROUP
                0x20002000                _estack = 0x20002000
                0x00000000                _Min_Heap_Size = 0x0
                0x00000400                _Min_Stack_Size = 0x400

.isr_vector     0x08000000      0x120
                0x08000000                . = ALIGN (0x4)
 *(.isr_vector)
 .isr_vector    0x08000000      0x120 ./startup_stm32f10x_ld_vl.o
                0x08000000                g_pfnVectors
                0x08000120                . = ALIGN (0x4)

.text           0x08000120     0x47e8
                0x08000120                . = ALIGN (0x4)
 *(.text)
 .text          0x08000120       0x10 c:/program files (x86)/gnu tools arm embedded/5.4 2016q3/bin/../lib/gcc/arm-none-eabi/5.4.1/../../../../arm-none-eabi/lib/armv7-m\libc_nano.a(lib_a-strlen.o)
                0x08000120                strlen
 .text          0x08000130      0x21c c:/program files (x86)/gnu tools arm embedded/5.4 2016q3/bin/../lib/gcc/arm-none-eabi/5.4.1/armv7-m\libgcc.a(_arm_addsubsf3.o)
                0x08000130                __aeabi_frsub
                0x08000138                __subsf3
                0x08000138                __aeabi_fsub
                0x0800013c                __aeabi_fadd
                0x0800013c                __addsf3
                0x0800029c                __aeabi_ui2f
                0x0800029c                __floatunsisf
                0x080002a4                __aeabi_i2f
                0x080002a4                __floatsisf
                0x080002c0                __aeabi_ul2f
                0x080002c0                __floatundisf
                0x080002d0                __aeabi_l2f
                0x080002d0                __floatdisf
 .text          0x0800034c      0x2a0 c:/program files (x86)/gnu tools arm embedded/5.4 2016q3/bin/../lib/gcc/arm-none-eabi/5.4.1/armv7-m\libgcc.a(_arm_muldivsf3.o)
                0x0800034c                __mulsf3
                0x0800034c                __aeabi_fmul
                0x080004b4                __aeabi_fdiv
                0x080004b4                __divsf3
 .text          0x080005ec       0xec c:/program files (x86)/gnu tools arm embedded/5.4 2016q3/bin/../lib/gcc/arm-none-eabi/5.4.1/armv7-m\libgcc.a(_arm_cmpsf2.o)
                0x080005ec                __gesf2
                0x080005ec                __gtsf2
                0x080005f4                __lesf2
                0x080005f4                __ltsf2
                0x080005fc                __nesf2
                0x080005fc                __eqsf2
                0x080005fc                __cmpsf2
                0x0800065c                __aeabi_cfrcmple
                0x08000664                __aeabi_cfcmpeq
                0x08000664                __aeabi_cfcmple
                0x08000674                __aeabi_fcmpeq
                0x08000688                __aeabi_fcmplt
                0x0800069c                __aeabi_fcmple
                0x080006b0                __aeabi_fcmpge
                0x080006c4                __aeabi_fcmpgt
 .text          0x080006d8       0x4c c:/program files (x86)/gnu tools arm embedded/5.4 2016q3/bin/../lib/gcc/arm-none-eabi/5.4.1/armv7-m\libgcc.a(_arm_fixsfsi.o)
                0x080006d8                __aeabi_f2iz
                0x080006d8                __fixsfsi
 .text          0x08000724       0xa0 c:/program files (x86)/gnu tools arm embedded/5.4 2016q3/bin/../lib/gcc/arm-none-eabi/5.4.1/armv7-m\libgcc.a(_aeabi_ldivmod.o)
                0x08000724                __aeabi_ldivmod
 .text          0x080007c4      0x2ec c:/program files (x86)/gnu tools arm embedded/5.4 2016q3/bin/../lib/gcc/arm-none-eabi/5.4.1/armv7-m\libgcc.a(_udivmoddi4.o)
                0x080007c4                __udivmoddi4
 .text          0x08000ab0        0x4 c:/program files (x86)/gnu tools arm embedded/5.4 2016q3/bin/../lib/gcc/arm-none-eabi/5.4.1/armv7-m\libgcc.a(_dvmd_tls.o)
                0x08000ab0                __aeabi_idiv0
                0x08000ab0                __aeabi_ldiv0
 *(.text*)
 .text.NVIC_EncodePriority
                0x08000ab4       0x36 C:\Users\Ivan\AppData\Local\Temp\cczVQFSX.ltrans0.ltrans.o
 *fill*         0x08000aea        0x2 
 .text.flash_write
                0x08000aec       0x54 C:\Users\Ivan\AppData\Local\Temp\cczVQFSX.ltrans0.ltrans.o
 .text.flash_read
                0x08000b40       0x18 C:\Users\Ivan\AppData\Local\Temp\cczVQFSX.ltrans0.ltrans.o
 .text.eepromGetFreeAddress
                0x08000b58       0x40 C:\Users\Ivan\AppData\Local\Temp\cczVQFSX.ltrans0.ltrans.o
 .text.eepromErasePage
                0x08000b98       0x40 C:\Users\Ivan\AppData\Local\Temp\cczVQFSX.ltrans0.ltrans.o
 .text.menuProcess
                0x08000bd8      0x240 C:\Users\Ivan\AppData\Local\Temp\cczVQFSX.ltrans0.ltrans.o
                0x08000bd8                menuProcess
 .text.new_button_mikky
                0x08000e18       0x1e C:\Users\Ivan\AppData\Local\Temp\cczVQFSX.ltrans0.ltrans.o
 *fill*         0x08000e36        0x2 
 .text.eepromLoadParam
                0x08000e38       0x58 C:\Users\Ivan\AppData\Local\Temp\cczVQFSX.ltrans0.ltrans.o
                0x08000e38                eepromLoadParam
 .text.eepromVoidParam
                0x08000e90       0x50 C:\Users\Ivan\AppData\Local\Temp\cczVQFSX.ltrans0.ltrans.o
                0x08000e90                eepromVoidParam
 .text.eepromSaveParam
                0x08000ee0       0xf8 C:\Users\Ivan\AppData\Local\Temp\cczVQFSX.ltrans0.ltrans.o
                0x08000ee0                eepromSaveParam
 .text.square   0x08000fd8       0x4c C:\Users\Ivan\AppData\Local\Temp\cczVQFSX.ltrans0.ltrans.o
                0x08000fd8                square
 .text.leafProcess
                0x08001024      0x48c C:\Users\Ivan\AppData\Local\Temp\cczVQFSX.ltrans0.ltrans.o
                0x08001024                leafProcess
 .text.cplxMul  0x080014b0       0x4c C:\Users\Ivan\AppData\Local\Temp\cczVQFSX.ltrans0.ltrans.o
                0x080014b0                cplxMul
 .text.cplxDiv  0x080014fc       0x76 C:\Users\Ivan\AppData\Local\Temp\cczVQFSX.ltrans0.ltrans.o
                0x080014fc                cplxDiv
 *fill*         0x08001572        0x2 
 .text.startup.main
                0x08001574      0x700 C:\Users\Ivan\AppData\Local\Temp\cczVQFSX.ltrans0.ltrans.o
                0x08001574                main
 .text.sputdec  0x08001c74       0x58 C:\Users\Ivan\AppData\Local\Temp\cczVQFSX.ltrans1.ltrans.o
 .text.print_openshort
                0x08001ccc       0x48 C:\Users\Ivan\AppData\Local\Temp\cczVQFSX.ltrans1.ltrans.o
 .text.leafInfo
                0x08001d14       0x60 C:\Users\Ivan\AppData\Local\Temp\cczVQFSX.ltrans1.ltrans.o
                0x08001d14                leafInfo
 .text.editCal  0x08001d74       0x30 C:\Users\Ivan\AppData\Local\Temp\cczVQFSX.ltrans1.ltrans.o
                0x08001d74                editCal
 .text.editBalance
                0x08001da4       0x34 C:\Users\Ivan\AppData\Local\Temp\cczVQFSX.ltrans1.ltrans.o
                0x08001da4                editBalance
 .text.editBF   0x08001dd8       0x64 C:\Users\Ivan\AppData\Local\Temp\cczVQFSX.ltrans1.ltrans.o
                0x08001dd8                editBF
 .text.editAverages
                0x08001e3c       0x44 C:\Users\Ivan\AppData\Local\Temp\cczVQFSX.ltrans1.ltrans.o
                0x08001e3c                editAverages
 .text.editR    0x08001e80       0xc0 C:\Users\Ivan\AppData\Local\Temp\cczVQFSX.ltrans1.ltrans.o
                0x08001e80                editR
 .text.editContrast
                0x08001f40       0x46 C:\Users\Ivan\AppData\Local\Temp\cczVQFSX.ltrans1.ltrans.o
                0x08001f40                editContrast
 *fill*         0x08001f86        0x2 
 .text.editScr  0x08001f88       0x48 C:\Users\Ivan\AppData\Local\Temp\cczVQFSX.ltrans1.ltrans.o
                0x08001f88                editScr
 .text.leafScr  0x08001fd0       0x80 C:\Users\Ivan\AppData\Local\Temp\cczVQFSX.ltrans1.ltrans.o
                0x08001fd0                leafScr
 .text.leafCalReset
                0x08002050       0x54 C:\Users\Ivan\AppData\Local\Temp\cczVQFSX.ltrans1.ltrans.o
                0x08002050                leafCalReset
 .text.setBacklight
                0x080020a4       0x20 C:\Users\Ivan\AppData\Local\Temp\cczVQFSX.ltrans1.ltrans.o
                0x080020a4                setBacklight
 .text.powerOff
                0x080020c4      0x128 C:\Users\Ivan\AppData\Local\Temp\cczVQFSX.ltrans1.ltrans.o
                0x080020c4                powerOff
 .text.waitOpen
                0x080021ec       0x70 C:\Users\Ivan\AppData\Local\Temp\cczVQFSX.ltrans1.ltrans.o
 .text.waitClose
                0x0800225c       0x58 C:\Users\Ivan\AppData\Local\Temp\cczVQFSX.ltrans1.ltrans.o
 .text.leafCal  0x080022b4       0x84 C:\Users\Ivan\AppData\Local\Temp\cczVQFSX.ltrans1.ltrans.o
                0x080022b4                leafCal
 .text.leafBalance
                0x08002338      0x1dc C:\Users\Ivan\AppData\Local\Temp\cczVQFSX.ltrans1.ltrans.o
                0x08002338                leafBalance
 .text.leafBatLow
                0x08002514       0x58 C:\Users\Ivan\AppData\Local\Temp\cczVQFSX.ltrans1.ltrans.o
                0x08002514                leafBatLow
 .text.sputFloat
                0x0800256c      0x10c C:\Users\Ivan\AppData\Local\Temp\cczVQFSX.ltrans1.ltrans.o
                0x0800256c                sputFloat
 .text.printSmallFloat
                0x08002678       0x34 C:\Users\Ivan\AppData\Local\Temp\cczVQFSX.ltrans1.ltrans.o
                0x08002678                printSmallFloat
 .text.diagScr  0x080026ac      0x3d8 C:\Users\Ivan\AppData\Local\Temp\cczVQFSX.ltrans1.ltrans.o
                0x080026ac                diagScr
 .text.delayus  0x08002a84        0xe C:\Users\Ivan\AppData\Local\Temp\cczVQFSX.ltrans2.ltrans.o
 *fill*         0x08002a92        0x2 
 .text.lcd_hw_reset
                0x08002a94       0x24 C:\Users\Ivan\AppData\Local\Temp\cczVQFSX.ltrans2.ltrans.o
 .text.runRound
                0x08002ab8       0x1c C:\Users\Ivan\AppData\Local\Temp\cczVQFSX.ltrans2.ltrans.o
 .text.uart_tx.constprop.6
                0x08002ad4       0x24 C:\Users\Ivan\AppData\Local\Temp\cczVQFSX.ltrans2.ltrans.o
                0x08002ad4                uart_tx.constprop.6
 .text.getMean.constprop.5
                0x08002af8       0x24 C:\Users\Ivan\AppData\Local\Temp\cczVQFSX.ltrans2.ltrans.o
                0x08002af8                getMean.constprop.5
 .text.getSigma.constprop.4
                0x08002b1c       0x3e C:\Users\Ivan\AppData\Local\Temp\cczVQFSX.ltrans2.ltrans.o
                0x08002b1c                getSigma.constprop.4
 *fill*         0x08002b5a        0x2 
 .text.SystemInit
                0x08002b5c       0x74 C:\Users\Ivan\AppData\Local\Temp\cczVQFSX.ltrans2.ltrans.o
                0x08002b5c                SystemInit
 .text.lcd_write
                0x08002bd0       0x78 C:\Users\Ivan\AppData\Local\Temp\cczVQFSX.ltrans2.ltrans.o
                0x08002bd0                lcd_write
 .text.lcd_putchar
                0x08002c48       0x58 C:\Users\Ivan\AppData\Local\Temp\cczVQFSX.ltrans2.ltrans.o
 .text.lcd_putstr
                0x08002ca0       0x34 C:\Users\Ivan\AppData\Local\Temp\cczVQFSX.ltrans2.ltrans.o
                0x08002ca0                lcd_putstr
 .text.lcd_gotoxy
                0x08002cd4       0x34 C:\Users\Ivan\AppData\Local\Temp\cczVQFSX.ltrans2.ltrans.o
                0x08002cd4                lcd_gotoxy
 .text.printSecondary.constprop.1
                0x08002d08       0xd0 C:\Users\Ivan\AppData\Local\Temp\cczVQFSX.ltrans2.ltrans.o
                0x08002d08                printSecondary.constprop.1
 .text.lcd_clear
                0x08002dd8       0x1c C:\Users\Ivan\AppData\Local\Temp\cczVQFSX.ltrans2.ltrans.o
                0x08002dd8                lcd_clear
 .text.lcd_init
                0x08002df4       0x8c C:\Users\Ivan\AppData\Local\Temp\cczVQFSX.ltrans2.ltrans.o
                0x08002df4                lcd_init
 .text.DMA1_Channel4_IRQHandler
                0x08002e80       0xe4 C:\Users\Ivan\AppData\Local\Temp\cczVQFSX.ltrans2.ltrans.o
                0x08002e80                DMA1_Channel4_IRQHandler
 .text.DMA1_Channel1_IRQHandler
                0x08002f64       0xf8 C:\Users\Ivan\AppData\Local\Temp\cczVQFSX.ltrans2.ltrans.o
                0x08002f64                DMA1_Channel1_IRQHandler
 .text.TIM1_BRK_TIM15_IRQHandler
                0x0800305c      0x1d0 C:\Users\Ivan\AppData\Local\Temp\cczVQFSX.ltrans2.ltrans.o
                0x0800305c                TIM1_BRK_TIM15_IRQHandler
 .text.resetBalanceData
                0x0800322c       0x38 C:\Users\Ivan\AppData\Local\Temp\cczVQFSX.ltrans2.ltrans.o
                0x0800322c                resetBalanceData
 .text.filter   0x08003264       0x7c C:\Users\Ivan\AppData\Local\Temp\cczVQFSX.ltrans2.ltrans.o
                0x08003264                filter
 .text.measure  0x080032e0      0x340 C:\Users\Ivan\AppData\Local\Temp\cczVQFSX.ltrans2.ltrans.o
                0x080032e0                measure
 .text.fillSine
                0x08003620       0xf4 C:\Users\Ivan\AppData\Local\Temp\cczVQFSX.ltrans2.ltrans.o
                0x08003620                fillSine
 .text.setBf.part.2
                0x08003714       0x3c C:\Users\Ivan\AppData\Local\Temp\cczVQFSX.ltrans2.ltrans.o
                0x08003714                setBf.part.2
 .text.getBf.part.1
                0x08003750       0x34 C:\Users\Ivan\AppData\Local\Temp\cczVQFSX.ltrans2.ltrans.o
                0x08003750                getBf.part.1
 .text.printFloat.constprop.2
                0x08003784      0x15c C:\Users\Ivan\AppData\Local\Temp\cczVQFSX.ltrans2.ltrans.o
                0x08003784                printFloat.constprop.2
 .text.setBf    0x080038e0        0xc C:\Users\Ivan\AppData\Local\Temp\cczVQFSX.ltrans2.ltrans.o
                0x080038e0                setBf
 .text.buttons  0x080038ec       0x6c C:\Users\Ivan\AppData\Local\Temp\cczVQFSX.ltrans2.ltrans.o
                0x080038ec                buttons
 .text.Reset_Handler
                0x08003958       0x44 ./startup_stm32f10x_ld_vl.o
                0x08003958                Reset_Handler
 .text.Default_Handler
                0x0800399c        0x2 ./startup_stm32f10x_ld_vl.o
                0x0800399c                EXTI2_IRQHandler
                0x0800399c                DebugMon_Handler
                0x0800399c                TIM1_CC_IRQHandler
                0x0800399c                HardFault_Handler
                0x0800399c                SysTick_Handler
                0x0800399c                PVD_IRQHandler
                0x0800399c                PendSV_Handler
                0x0800399c                NMI_Handler
                0x0800399c                EXTI3_IRQHandler
                0x0800399c                EXTI0_IRQHandler
                0x0800399c                TIM1_UP_TIM16_IRQHandler
                0x0800399c                UsageFault_Handler
                0x0800399c                SPI1_IRQHandler
                0x0800399c                TAMPER_IRQHandler
                0x0800399c                TIM6_DAC_IRQHandler
                0x0800399c                ADC1_IRQHandler
                0x0800399c                RTC_IRQHandler
                0x0800399c                DMA1_Channel7_IRQHandler
                0x0800399c                I2C1_EV_IRQHandler
                0x0800399c                DMA1_Channel6_IRQHandler
                0x0800399c                TIM3_IRQHandler
                0x0800399c                RCC_IRQHandler
                0x0800399c                Default_Handler
                0x0800399c                CEC_IRQHandler
                0x0800399c                EXTI15_10_IRQHandler
                0x0800399c                TIM7_IRQHandler
                0x0800399c                EXTI9_5_IRQHandler
                0x0800399c                MemManage_Handler
                0x0800399c                SVC_Handler
                0x0800399c                DMA1_Channel5_IRQHandler
                0x0800399c                EXTI4_IRQHandler
                0x0800399c                TIM1_TRG_COM_TIM17_IRQHandler
                0x0800399c                DMA1_Channel3_IRQHandler
                0x0800399c                WWDG_IRQHandler
                0x0800399c                TIM2_IRQHandler
                0x0800399c                EXTI1_IRQHandler
                0x0800399c                RTCAlarm_IRQHandler
                0x0800399c                USART2_IRQHandler
                0x0800399c                DMA1_Channel2_IRQHandler
                0x0800399c                FLASH_IRQHandler
                0x0800399c                BusFault_Handler
                0x0800399c                USART1_IRQHandler
                0x0800399c                I2C1_ER_IRQHandler
 .text.GPIO_Init
                0x0800399e       0xa4 D:\Ivan\Projects\RLC-meter\rlcmeter_620b12_src\StdPeriph_stm32F1xx\Release\libStdPeriph_stm32F1xx.a(stm32f10x_gpio.o)
                0x0800399e                GPIO_Init
 .text.GPIO_StructInit
                0x08003a42       0x10 D:\Ivan\Projects\RLC-meter\rlcmeter_620b12_src\StdPeriph_stm32F1xx\Release\libStdPeriph_stm32F1xx.a(stm32f10x_gpio.o)
                0x08003a42                GPIO_StructInit
 .text.SPI_Init
                0x08003a52       0x3e D:\Ivan\Projects\RLC-meter\rlcmeter_620b12_src\StdPeriph_stm32F1xx\Release\libStdPeriph_stm32F1xx.a(stm32f10x_spi.o)
                0x08003a52                SPI_Init
 .text.SPI_StructInit
                0x08003a90       0x18 D:\Ivan\Projects\RLC-meter\rlcmeter_620b12_src\StdPeriph_stm32F1xx\Release\libStdPeriph_stm32F1xx.a(stm32f10x_spi.o)
                0x08003a90                SPI_StructInit
 .text.malloc   0x08003aa8       0x10 c:/program files (x86)/gnu tools arm embedded/5.4 2016q3/bin/../lib/gcc/arm-none-eabi/5.4.1/../../../../arm-none-eabi/lib/armv7-m\libc_nano.a(lib_a-malloc.o)
                0x08003aa8                malloc
 .text._malloc_r
                0x08003ab8       0xbc c:/program files (x86)/gnu tools arm embedded/5.4 2016q3/bin/../lib/gcc/arm-none-eabi/5.4.1/../../../../arm-none-eabi/lib/armv7-m\libc_nano.a(lib_a-nano-mallocr.o)
                0x08003ab8                _malloc_r
 .text._sbrk_r  0x08003b74       0x20 c:/program files (x86)/gnu tools arm embedded/5.4 2016q3/bin/../lib/gcc/arm-none-eabi/5.4.1/../../../../arm-none-eabi/lib/armv7-m\libc_nano.a(lib_a-sbrkr.o)
                0x08003b74                _sbrk_r
 .text.strcpy   0x08003b94       0x10 c:/program files (x86)/gnu tools arm embedded/5.4 2016q3/bin/../lib/gcc/arm-none-eabi/5.4.1/../../../../arm-none-eabi/lib/armv7-m\libc_nano.a(lib_a-strcpy.o)
                0x08003b94                strcpy
 .text.__malloc_lock
                0x08003ba4        0x2 c:/program files (x86)/gnu tools arm embedded/5.4 2016q3/bin/../lib/gcc/arm-none-eabi/5.4.1/../../../../arm-none-eabi/lib/armv7-m\libc_nano.a(lib_a-mlock.o)
                0x08003ba4                __malloc_lock
 .text.__malloc_unlock
                0x08003ba6        0x2 c:/program files (x86)/gnu tools arm embedded/5.4 2016q3/bin/../lib/gcc/arm-none-eabi/5.4.1/../../../../arm-none-eabi/lib/armv7-m\libc_nano.a(lib_a-mlock.o)
                0x08003ba6                __malloc_unlock
 .text._sbrk    0x08003ba8       0x1c c:/program files (x86)/gnu tools arm embedded/5.4 2016q3/bin/../lib/gcc/arm-none-eabi/5.4.1/../../../../arm-none-eabi/lib/armv7-m\libnosys.a(sbrk.o)
                0x08003ba8                _sbrk
 .text.atan2f   0x08003bc4        0x4 c:/program files (x86)/gnu tools arm embedded/5.4 2016q3/bin/../lib/gcc/arm-none-eabi/5.4.1/../../../../arm-none-eabi/lib/armv7-m\libm.a(lib_a-wf_atan2.o)
                0x08003bc4                atan2f
 .text.__ieee754_atan2f
                0x08003bc8      0x124 c:/program files (x86)/gnu tools arm embedded/5.4 2016q3/bin/../lib/gcc/arm-none-eabi/5.4.1/../../../../arm-none-eabi/lib/armv7-m\libm.a(lib_a-ef_atan2.o)
                0x08003bc8                __ieee754_atan2f
 .text.atanf    0x08003cec      0x22c c:/program files (x86)/gnu tools arm embedded/5.4 2016q3/bin/../lib/gcc/arm-none-eabi/5.4.1/../../../../arm-none-eabi/lib/armv7-m\libm.a(lib_a-sf_atan.o)
                0x08003cec                atanf
 .text.fabsf    0x08003f18        0x8 c:/program files (x86)/gnu tools arm embedded/5.4 2016q3/bin/../lib/gcc/arm-none-eabi/5.4.1/../../../../arm-none-eabi/lib/armv7-m\libm.a(lib_a-sf_fabs.o)
                0x08003f18                fabsf
 *(.rodata)
 *(.rodata*)
 .rodata.rlim   0x08003f20        0xc C:\Users\Ivan\AppData\Local\Temp\cczVQFSX.ltrans0.ltrans.o
 .rodata.str1.1
                0x08003f2c       0x5b C:\Users\Ivan\AppData\Local\Temp\cczVQFSX.ltrans0.ltrans.o
                                 0x68 (size before relaxing)
 *fill*         0x08003f87        0x1 
 .rodata.iLowBat
                0x08003f88       0x10 C:\Users\Ivan\AppData\Local\Temp\cczVQFSX.ltrans0.ltrans.o
 .rodata.dig    0x08003f98       0x28 C:\Users\Ivan\AppData\Local\Temp\cczVQFSX.ltrans1.ltrans.o
 .rodata.fgain  0x08003fc0       0x14 C:\Users\Ivan\AppData\Local\Temp\cczVQFSX.ltrans1.ltrans.o
                0x08003fc0                fgain
 .rodata.menu   0x08003fd4      0x1b8 C:\Users\Ivan\AppData\Local\Temp\cczVQFSX.ltrans1.ltrans.o
                0x08003fd4                menu
 .rodata.str1.1
                0x0800418c      0x1ce C:\Users\Ivan\AppData\Local\Temp\cczVQFSX.ltrans1.ltrans.o
                                0x1e1 (size before relaxing)
 *fill*         0x0800435a        0x2 
 .rodata.flist  0x0800435c       0x14 C:\Users\Ivan\AppData\Local\Temp\cczVQFSX.ltrans1.ltrans.o
                0x0800435c                flist
 .rodata.dp     0x08004370        0x9 C:\Users\Ivan\AppData\Local\Temp\cczVQFSX.ltrans1.ltrans.o
 *fill*         0x08004379        0x3 
 .rodata.sFreqs
                0x0800437c       0x14 C:\Users\Ivan\AppData\Local\Temp\cczVQFSX.ltrans1.ltrans.o
                0x0800437c                sFreqs
 .rodata.lcd_font
                0x08004390      0x1e0 C:\Users\Ivan\AppData\Local\Temp\cczVQFSX.ltrans2.ltrans.o
 .rodata.btn    0x08004570       0x18 C:\Users\Ivan\AppData\Local\Temp\cczVQFSX.ltrans2.ltrans.o
 .rodata.chk    0x08004588       0x14 C:\Users\Ivan\AppData\Local\Temp\cczVQFSX.ltrans2.ltrans.o
 .rodata.str1.1
                0x0800459c       0x70 C:\Users\Ivan\AppData\Local\Temp\cczVQFSX.ltrans2.ltrans.o
                                 0x7f (size before relaxing)
 .rodata.numbers
                0x0800460c      0x12c C:\Users\Ivan\AppData\Local\Temp\cczVQFSX.ltrans2.ltrans.o
 .rodata.cht    0x08004738       0x14 C:\Users\Ivan\AppData\Local\Temp\cczVQFSX.ltrans2.ltrans.o
 .rodata.numbers_idx
                0x0800474c       0x16 C:\Users\Ivan\AppData\Local\Temp\cczVQFSX.ltrans2.ltrans.o
 *fill*         0x08004762        0x2 
 .rodata.chn    0x08004764       0x14 C:\Users\Ivan\AppData\Local\Temp\cczVQFSX.ltrans2.ltrans.o
 .rodata.cordic_ctab
                0x08004778       0x80 C:\Users\Ivan\AppData\Local\Temp\cczVQFSX.ltrans2.ltrans.o
 .rodata.configBits
                0x080047f8       0xf0 C:\Users\Ivan\AppData\Local\Temp\cczVQFSX.ltrans2.ltrans.o
                0x080047f8                configBits
 .rodata.atanlo
                0x080048e8       0x10 c:/program files (x86)/gnu tools arm embedded/5.4 2016q3/bin/../lib/gcc/arm-none-eabi/5.4.1/../../../../arm-none-eabi/lib/armv7-m\libm.a(lib_a-sf_atan.o)
 .rodata.atanhi
                0x080048f8       0x10 c:/program files (x86)/gnu tools arm embedded/5.4 2016q3/bin/../lib/gcc/arm-none-eabi/5.4.1/../../../../arm-none-eabi/lib/armv7-m\libm.a(lib_a-sf_atan.o)
 *(.glue_7)
 .glue_7        0x08004908        0x0 linker stubs
 *(.glue_7t)
 .glue_7t       0x08004908        0x0 linker stubs
 *(.eh_frame)
 *(.init)
 *(.fini)
                0x08004908                . = ALIGN (0x4)
                0x08004908                _etext = .

.vfp11_veneer   0x08004908        0x0
 .vfp11_veneer  0x08004908        0x0 linker stubs

.v4_bx          0x08004908        0x0
 .v4_bx         0x08004908        0x0 linker stubs

.iplt           0x08004908        0x0
 .iplt          0x08004908        0x0 ./startup_stm32f10x_ld_vl.o

.eeprom         0x08004c00      0x800
 *(.eeprom)
 .eeprom        0x08004c00      0x800 C:\Users\Ivan\AppData\Local\Temp\cczVQFSX.ltrans0.ltrans.o

.ARM.extab
 *(.ARM.extab* .gnu.linkonce.armextab.*)

.ARM            0x08005400        0x8
                0x08005400                __exidx_start = .
 *(.ARM.exidx*)
 .ARM.exidx     0x08005400        0x8 c:/program files (x86)/gnu tools arm embedded/5.4 2016q3/bin/../lib/gcc/arm-none-eabi/5.4.1/armv7-m\libgcc.a(_udivmoddi4.o)
                0x08005408                __exidx_end = .

.rel.dyn        0x08005408        0x0
 .rel.iplt      0x08005408        0x0 ./startup_stm32f10x_ld_vl.o

.preinit_array  0x08005408        0x0
                [!provide]                PROVIDE (__preinit_array_start, .)
 *(.preinit_array*)
                [!provide]                PROVIDE (__preinit_array_end, .)

.init_array     0x08005408        0x0
                [!provide]                PROVIDE (__init_array_start, .)
 *(SORT(.init_array.*))
 *(.init_array*)
                [!provide]                PROVIDE (__init_array_end, .)

.fini_array     0x08005408        0x0
                [!provide]                PROVIDE (__fini_array_start, .)
 *(.fini_array*)
 *(SORT(.fini_array.*))
                [!provide]                PROVIDE (__fini_array_end, .)
                0x08005408                _sidata = .

.data           0x20000000       0xcc load address 0x08005408
                0x20000000                . = ALIGN (0x4)
                0x20000000                _sdata = .
 *(.data)
 *(.data*)
 .data.rel.8892
                0x20000000        0x4 C:\Users\Ivan\AppData\Local\Temp\cczVQFSX.ltrans1.ltrans.o
 .data.sRLim    0x20000004        0xc C:\Users\Ivan\AppData\Local\Temp\cczVQFSX.ltrans2.ltrans.o
                0x20000004                sRLim
 .data.sScrMode
                0x20000010       0x10 C:\Users\Ivan\AppData\Local\Temp\cczVQFSX.ltrans2.ltrans.o
                0x20000010                sScrMode
 .data.dptr.6311
                0x20000020        0x4 C:\Users\Ivan\AppData\Local\Temp\cczVQFSX.ltrans2.ltrans.o
 .data.sLowBat  0x20000024       0x10 C:\Users\Ivan\AppData\Local\Temp\cczVQFSX.ltrans2.ltrans.o
                0x20000024                sLowBat
 .data.sLCMode  0x20000034        0x8 C:\Users\Ivan\AppData\Local\Temp\cczVQFSX.ltrans2.ltrans.o
                0x20000034                sLCMode
 .data.sParamMode
                0x2000003c       0x1c C:\Users\Ivan\AppData\Local\Temp\cczVQFSX.ltrans2.ltrans.o
                0x2000003c                sParamMode
 .data.sOnOff   0x20000058        0x8 C:\Users\Ivan\AppData\Local\Temp\cczVQFSX.ltrans2.ltrans.o
                0x20000058                sOnOff
 .data.gain     0x20000060        0x4 C:\Users\Ivan\AppData\Local\Temp\cczVQFSX.ltrans2.ltrans.o
                0x20000060                gain
 .data.sign     0x20000064        0x4 C:\Users\Ivan\AppData\Local\Temp\cczVQFSX.ltrans2.ltrans.o
                0x20000064                sign
 .data.impure_data
                0x20000068       0x60 c:/program files (x86)/gnu tools arm embedded/5.4 2016q3/bin/../lib/gcc/arm-none-eabi/5.4.1/../../../../arm-none-eabi/lib/armv7-m\libc_nano.a(lib_a-impure.o)
 .data._impure_ptr
                0x200000c8        0x4 c:/program files (x86)/gnu tools arm embedded/5.4 2016q3/bin/../lib/gcc/arm-none-eabi/5.4.1/../../../../arm-none-eabi/lib/armv7-m\libc_nano.a(lib_a-impure.o)
                0x200000c8                _impure_ptr
                0x200000cc                . = ALIGN (0x4)
                0x200000cc                _edata = .

.igot.plt       0x200000cc        0x0 load address 0x080054d4
 .igot.plt      0x200000cc        0x0 ./startup_stm32f10x_ld_vl.o
                0x200000cc                . = ALIGN (0x4)

.bss            0x200000d0      0x94c load address 0x080054d8
                0x200000d0                _sbss = .
                0x200000d0                __bss_start__ = _sbss
 *(.bss)
 *(.bss*)
 .bss.round.8864
                0x200000d0        0x4 C:\Users\Ivan\AppData\Local\Temp\cczVQFSX.ltrans0.ltrans.o
 .bss.btnState  0x200000d4        0x4 C:\Users\Ivan\AppData\Local\Temp\cczVQFSX.ltrans0.ltrans.o
 .bss.sys_time  0x200000d8        0x8 C:\Users\Ivan\AppData\Local\Temp\cczVQFSX.ltrans0.ltrans.o
 .bss.base      0x200000e0        0x8 C:\Users\Ivan\AppData\Local\Temp\cczVQFSX.ltrans0.ltrans.o
 .bss.selected.8852
                0x200000e8        0x4 C:\Users\Ivan\AppData\Local\Temp\cczVQFSX.ltrans0.ltrans.o
 .bss.eeprom    0x200000ec        0x4 C:\Users\Ivan\AppData\Local\Temp\cczVQFSX.ltrans0.ltrans.o
 .bss.sum.8863  0x200000f0        0x8 C:\Users\Ivan\AppData\Local\Temp\cczVQFSX.ltrans0.ltrans.o
 .bss.editable.8853
                0x200000f8        0x4 C:\Users\Ivan\AppData\Local\Temp\cczVQFSX.ltrans0.ltrans.o
 .bss.sigma.8891
                0x200000fc        0x4 C:\Users\Ivan\AppData\Local\Temp\cczVQFSX.ltrans1.ltrans.o
 .bss.A2.8897   0x20000100       0x40 C:\Users\Ivan\AppData\Local\Temp\cczVQFSX.ltrans1.ltrans.o
 .bss.A1.8896   0x20000140       0x40 C:\Users\Ivan\AppData\Local\Temp\cczVQFSX.ltrans1.ltrans.o
 .bss.round.8888
                0x20000180        0x4 C:\Users\Ivan\AppData\Local\Temp\cczVQFSX.ltrans1.ltrans.o
 .bss.V2.8894   0x20000184       0x40 C:\Users\Ivan\AppData\Local\Temp\cczVQFSX.ltrans1.ltrans.o
 .bss.ptr.8890  0x200001c4        0x4 C:\Users\Ivan\AppData\Local\Temp\cczVQFSX.ltrans1.ltrans.o
 .bss.Z         0x200001c8        0x8 C:\Users\Ivan\AppData\Local\Temp\cczVQFSX.ltrans1.ltrans.o
                0x200001c8                Z
 .bss.freq      0x200001d0        0x4 C:\Users\Ivan\AppData\Local\Temp\cczVQFSX.ltrans1.ltrans.o
                0x200001d0                freq
 .bss.V7.8895   0x200001d4       0x40 C:\Users\Ivan\AppData\Local\Temp\cczVQFSX.ltrans1.ltrans.o
 .bss.V1.8893   0x20000214       0x40 C:\Users\Ivan\AppData\Local\Temp\cczVQFSX.ltrans1.ltrans.o
 .bss.menuCurrent
                0x20000254        0x4 C:\Users\Ivan\AppData\Local\Temp\cczVQFSX.ltrans1.ltrans.o
                0x20000254                menuCurrent
 .bss.A7.8898   0x20000258       0x40 C:\Users\Ivan\AppData\Local\Temp\cczVQFSX.ltrans1.ltrans.o
 .bss.startTime
                0x20000298        0x4 C:\Users\Ivan\AppData\Local\Temp\cczVQFSX.ltrans1.ltrans.o
                0x20000298                startTime
 .bss.mdata     0x2000029c       0x28 C:\Users\Ivan\AppData\Local\Temp\cczVQFSX.ltrans2.ltrans.o
                0x2000029c                mdata
 *fill*         0x200002c4        0x4 
 .bss.mimag     0x200002c8       0x28 C:\Users\Ivan\AppData\Local\Temp\cczVQFSX.ltrans2.ltrans.o
 .bss.dac_buf   0x200002f0      0x190 C:\Users\Ivan\AppData\Local\Temp\cczVQFSX.ltrans2.ltrans.o
                0x200002f0                dac_buf
 .bss.mreal     0x20000480       0x28 C:\Users\Ivan\AppData\Local\Temp\cczVQFSX.ltrans2.ltrans.o
 .bss.xpos      0x200004a8        0x4 C:\Users\Ivan\AppData\Local\Temp\cczVQFSX.ltrans2.ltrans.o
 .bss.cnt.6277  0x200004ac       0x10 C:\Users\Ivan\AppData\Local\Temp\cczVQFSX.ltrans2.ltrans.o
 *fill*         0x200004bc        0x4 
 .bss.sys_time_counter
                0x200004c0        0x8 C:\Users\Ivan\AppData\Local\Temp\cczVQFSX.ltrans2.ltrans.o
                0x200004c0                sys_time_counter
 .bss.vcc       0x200004c8        0x4 C:\Users\Ivan\AppData\Local\Temp\cczVQFSX.ltrans2.ltrans.o
 .bss.sptr.6312
                0x200004cc        0x4 C:\Users\Ivan\AppData\Local\Temp\cczVQFSX.ltrans2.ltrans.o
 .bss.hundredMsTick
                0x200004d0        0x4 C:\Users\Ivan\AppData\Local\Temp\cczVQFSX.ltrans2.ltrans.o
                0x200004d0                hundredMsTick
 .bss.vbat      0x200004d4        0x4 C:\Users\Ivan\AppData\Local\Temp\cczVQFSX.ltrans2.ltrans.o
                0x200004d4                vbat
 .bss.swap_dacs
                0x200004d8        0x4 C:\Users\Ivan\AppData\Local\Temp\cczVQFSX.ltrans2.ltrans.o
                0x200004d8                swap_dacs
 .bss.mask      0x200004dc        0x1 C:\Users\Ivan\AppData\Local\Temp\cczVQFSX.ltrans2.ltrans.o
                0x200004dc                mask
 *fill*         0x200004dd        0x3 
 .bss.state.6276
                0x200004e0       0x10 C:\Users\Ivan\AppData\Local\Temp\cczVQFSX.ltrans2.ltrans.o
 .bss.k         0x200004f0        0x4 C:\Users\Ivan\AppData\Local\Temp\cczVQFSX.ltrans2.ltrans.o
 .bss.irq_request
                0x200004f4        0x4 C:\Users\Ivan\AppData\Local\Temp\cczVQFSX.ltrans2.ltrans.o
 .bss.lc.6297   0x200004f8        0x4 C:\Users\Ivan\AppData\Local\Temp\cczVQFSX.ltrans2.ltrans.o
 .bss.mData     0x200004fc       0x18 C:\Users\Ivan\AppData\Local\Temp\cczVQFSX.ltrans2.ltrans.o
 .bss.state.9090
                0x20000514        0xc C:\Users\Ivan\AppData\Local\Temp\cczVQFSX.ltrans2.ltrans.o
 .bss.round.6288
                0x20000520        0x4 C:\Users\Ivan\AppData\Local\Temp\cczVQFSX.ltrans2.ltrans.o
 .bss.sine      0x20000524      0x4e2 C:\Users\Ivan\AppData\Local\Temp\cczVQFSX.ltrans2.ltrans.o
 *fill*         0x20000a06        0x2 
 .bss.vref      0x20000a08        0x4 C:\Users\Ivan\AppData\Local\Temp\cczVQFSX.ltrans2.ltrans.o
 .bss.__malloc_sbrk_start
                0x20000a0c        0x4 c:/program files (x86)/gnu tools arm embedded/5.4 2016q3/bin/../lib/gcc/arm-none-eabi/5.4.1/../../../../arm-none-eabi/lib/armv7-m\libc_nano.a(lib_a-nano-mallocr.o)
                0x20000a0c                __malloc_sbrk_start
 .bss.__malloc_free_list
                0x20000a10        0x4 c:/program files (x86)/gnu tools arm embedded/5.4 2016q3/bin/../lib/gcc/arm-none-eabi/5.4.1/../../../../arm-none-eabi/lib/armv7-m\libc_nano.a(lib_a-nano-mallocr.o)
                0x20000a10                __malloc_free_list
 .bss.heap_end.4167
                0x20000a14        0x4 c:/program files (x86)/gnu tools arm embedded/5.4 2016q3/bin/../lib/gcc/arm-none-eabi/5.4.1/../../../../arm-none-eabi/lib/armv7-m\libnosys.a(sbrk.o)
 *(COMMON)
 COMMON         0x20000a18        0x4 c:/program files (x86)/gnu tools arm embedded/5.4 2016q3/bin/../lib/gcc/arm-none-eabi/5.4.1/../../../../arm-none-eabi/lib/armv7-m\libc_nano.a(lib_a-reent.o)
                0x20000a18                errno
                0x20000a1c                . = ALIGN (0x4)
                0x20000a1c                _ebss = .
                0x20000a1c                __bss_end__ = _ebss

.noinit         0x20000a1c      0x464 load address 0x08005e24
 *(.noinit)
 .noinit        0x20000a1c       0x18 C:\Users\Ivan\AppData\Local\Temp\cczVQFSX.ltrans1.ltrans.o
                0x20000a1c                tmpStr
                0x20000a30                apo
 .noinit        0x20000a34      0x44c C:\Users\Ivan\AppData\Local\Temp\cczVQFSX.ltrans2.ltrans.o
                0x20000a34                adc_dma
                0x20000e1c                corr
                0x20000e44                mAcc
                0x20000e5c                R
                0x20000e64                cstatus
                0x20000e68                findex
                0x20000e6c                cal
                0x20000e7c                bitParams

._user_heap_stack
                0x20000e80      0x400 load address 0x08006288
                0x20000e80                . = ALIGN (0x4)
                0x20000e80                PROVIDE (end, .)
                [!provide]                PROVIDE (_end, .)
                [!provide]                PROVIDE (heap_low, .)
                0x20000e80                . = (. + _Min_Heap_Size)
                [!provide]                PROVIDE (heap_top, .)
                0x20001280                . = (. + _Min_Stack_Size)
 *fill*         0x20000e80      0x400 
                0x20001280                . = ALIGN (0x4)

.memory_b1_text
 *(.mb1text)
 *(.mb1text*)
 *(.mb1rodata)
 *(.mb1rodata*)

/DISCARD/
 libc.a(*)
 libm.a(*)
 libgcc.a(*)

.ARM.attributes
                0x00000000       0x31
 *(.ARM.attributes)
 .ARM.attributes
                0x00000000       0x31 C:\Users\Ivan\AppData\Local\Temp\cczVQFSX.ltrans0.ltrans.o
 .ARM.attributes
                0x00000031       0x31 C:\Users\Ivan\AppData\Local\Temp\cczVQFSX.ltrans1.ltrans.o
 .ARM.attributes
                0x00000062       0x31 C:\Users\Ivan\AppData\Local\Temp\cczVQFSX.ltrans2.ltrans.o
 .ARM.attributes
                0x00000093       0x21 ./startup_stm32f10x_ld_vl.o
 .ARM.attributes
                0x000000b4       0x2f D:\Ivan\Projects\RLC-meter\rlcmeter_620b12_src\StdPeriph_stm32F1xx\Release\libStdPeriph_stm32F1xx.a(stm32f10x_gpio.o)
 .ARM.attributes
                0x000000e3       0x2f D:\Ivan\Projects\RLC-meter\rlcmeter_620b12_src\StdPeriph_stm32F1xx\Release\libStdPeriph_stm32F1xx.a(stm32f10x_spi.o)
 .ARM.attributes
                0x00000112       0x2d c:/program files (x86)/gnu tools arm embedded/5.4 2016q3/bin/../lib/gcc/arm-none-eabi/5.4.1/../../../../arm-none-eabi/lib/armv7-m\libc_nano.a(lib_a-malloc.o)
 .ARM.attributes
                0x0000013f       0x2d c:/program files (x86)/gnu tools arm embedded/5.4 2016q3/bin/../lib/gcc/arm-none-eabi/5.4.1/../../../../arm-none-eabi/lib/armv7-m\libc_nano.a(lib_a-nano-mallocr.o)
 .ARM.attributes
                0x0000016c       0x2d c:/program files (x86)/gnu tools arm embedded/5.4 2016q3/bin/../lib/gcc/arm-none-eabi/5.4.1/../../../../arm-none-eabi/lib/armv7-m\libc_nano.a(lib_a-sbrkr.o)
 .ARM.attributes
                0x00000199       0x2d c:/program files (x86)/gnu tools arm embedded/5.4 2016q3/bin/../lib/gcc/arm-none-eabi/5.4.1/../../../../arm-none-eabi/lib/armv7-m\libc_nano.a(lib_a-strcpy.o)
 .ARM.attributes
                0x000001c6       0x17 c:/program files (x86)/gnu tools arm embedded/5.4 2016q3/bin/../lib/gcc/arm-none-eabi/5.4.1/../../../../arm-none-eabi/lib/armv7-m\libc_nano.a(lib_a-strlen.o)
 .ARM.attributes
                0x000001dd       0x2d c:/program files (x86)/gnu tools arm embedded/5.4 2016q3/bin/../lib/gcc/arm-none-eabi/5.4.1/../../../../arm-none-eabi/lib/armv7-m\libc_nano.a(lib_a-impure.o)
 .ARM.attributes
                0x0000020a       0x2d c:/program files (x86)/gnu tools arm embedded/5.4 2016q3/bin/../lib/gcc/arm-none-eabi/5.4.1/../../../../arm-none-eabi/lib/armv7-m\libc_nano.a(lib_a-mlock.o)
 .ARM.attributes
                0x00000237       0x2d c:/program files (x86)/gnu tools arm embedded/5.4 2016q3/bin/../lib/gcc/arm-none-eabi/5.4.1/../../../../arm-none-eabi/lib/armv7-m\libc_nano.a(lib_a-reent.o)
 .ARM.attributes
                0x00000264       0x2d c:/program files (x86)/gnu tools arm embedded/5.4 2016q3/bin/../lib/gcc/arm-none-eabi/5.4.1/../../../../arm-none-eabi/lib/armv7-m\libnosys.a(sbrk.o)
 .ARM.attributes
                0x00000291       0x1d c:/program files (x86)/gnu tools arm embedded/5.4 2016q3/bin/../lib/gcc/arm-none-eabi/5.4.1/armv7-m\libgcc.a(_arm_fixsfsi.o)
 .ARM.attributes
                0x000002ae       0x1d c:/program files (x86)/gnu tools arm embedded/5.4 2016q3/bin/../lib/gcc/arm-none-eabi/5.4.1/armv7-m\libgcc.a(_aeabi_ldivmod.o)
 .ARM.attributes
                0x000002cb       0x2d c:/program files (x86)/gnu tools arm embedded/5.4 2016q3/bin/../lib/gcc/arm-none-eabi/5.4.1/armv7-m\libgcc.a(_udivmoddi4.o)
 .ARM.attributes
                0x000002f8       0x1d c:/program files (x86)/gnu tools arm embedded/5.4 2016q3/bin/../lib/gcc/arm-none-eabi/5.4.1/armv7-m\libgcc.a(_dvmd_tls.o)
OUTPUT(rlcmeter2_5_bench_stm32F100.elf elf32-littlearm)

.comment        0x00000000       0x6e
 .comment       0x00000000       0x6f C:\Users\Ivan\AppData\Local\Temp\cczVQFSX.ltrans0.ltrans.o
 .comment       0x00000000       0x6f C:\Users\Ivan\AppData\Local\Temp\cczVQFSX.ltrans1.ltrans.o
 .comment       0x00000000       0x6f C:\Users\Ivan\AppData\Local\Temp\cczVQFSX.ltrans2.ltrans.o
 .comment       0x00000000       0x6e D:\Ivan\Projects\RLC-meter\rlcmeter_620b12_src\StdPeriph_stm32F1xx\Release\libStdPeriph_stm32F1xx.a(stm32f10x_gpio.o)
                                 0x6f (size before relaxing)
 .comment       0x0000006e       0x6f D:\Ivan\Projects\RLC-meter\rlcmeter_620b12_src\StdPeriph_stm32F1xx\Release\libStdPeriph_stm32F1xx.a(stm32f10x_spi.o)

.debug_info

.debug_abbrev

.debug_loc

.debug_aranges

.debug_ranges

.debug_macro

.debug_line

.debug_str

.debug_frame
